опороілвхіврва